// Jest Snapshot v1, https://goo.gl/fbAQLP

exports[`should render InfoSection 1`] = `
<DocumentFragment>
  <section
    class="main--section info--container pt-20 pb-20"
  >
    <div
      class="info--wrapper"
    >
      <div
        class="lg:w-1/2"
      >
        <div
          class="info--image"
          style="background-image: url(fake-url);"
        />
      </div>
      <div
        class="info--content--wrapper"
      >
        <h2
          class="info--title"
        >
          Who I Am
          <span
            class="info--tag"
          >
             *
          </span>
        </h2>
        <p
          class="info--content"
        >
          <span>
            content
          </span>
        </p>
      </div>
    </div>
  </section>
</DocumentFragment>
`;
