// Jest Snapshot v1, https://goo.gl/fbAQLP

exports[`Shared Components should render Switch component 1`] = `
<DocumentFragment>
  <div
    class="switch"
    data-testid="switch-button"
  >
    <input
      readonly=""
      type="checkbox"
    />
    <span
      class="slider"
    />
  </div>
</DocumentFragment>
`;
