// Jest Snapshot v1, https://goo.gl/fbAQLP

exports[`Shared Components should render Switch component 1`] = `
<DocumentFragment>
  <div
    class="switch"
    data-testid="switch-button"
  >
    <div
      style="position: relative; display: inline-block; text-align: left; opacity: 1; direction: ltr; border-radius: 14px; transition: opacity 0.25s; user-select: none;"
    >
      <div
        class="react-switch-bg"
        style="height: 28px; width: 56px; margin: 0px; position: relative; background: rgb(31, 41, 55); border-radius: 14px; cursor: pointer; transition: background 0.25s;"
      >
        <div
          style="height: 28px; width: 30px; position: relative; opacity: 0; pointer-events: none; transition: opacity 0.25s;"
        >
          <test />
        </div>
        <div
          style="height: 28px; width: 30px; position: absolute; opacity: 1; right: 0px; top: 0px; pointer-events: none; transition: opacity 0.25s;"
        >
          <test />
        </div>
      </div>
      <div
        class="react-switch-handle"
        style="height: 26px; width: 26px; background: rgb(255, 255, 255); display: inline-block; cursor: pointer; border-radius: 50%; position: absolute; transform: translateX(1px); top: 1px; outline: 0; border: 0px; transition: background-color 0.25s, transform 0.25s, box-shadow 0.15s;"
      />
      <input
        aria-checked="false"
        role="switch"
        style="border: 0px; height: 1px; margin: -1px; overflow: hidden; padding: 0px; position: absolute; width: 1px;"
        type="checkbox"
      />
    </div>
  </div>
</DocumentFragment>
`;
